This is pdfTeX, Version 3.141592653-2.6-1.40.25 (TeX Live 2023/Debian) (preloaded format=pdflatex 2025.4.4)  9 FEB 2026 17:48
entering extended mode
 restricted \write18 enabled.
 file:line:error style messages enabled.
 %&-line parsing enabled.
**/home/emilio/Codes/hi_class_pub_devel/doc/input/latex/class.tex
(/home/emilio/Codes/hi_class_pub_devel/doc/input/latex/class.tex
LaTeX2e <2023-11-01> patch level 1
L3 programming layer <2024-01-22>
(/usr/share/texlive/texmf-dist/tex/latex/base/article.cls
Document Class: article 2023/05/17 v1.4n Standard LaTeX document class
(/usr/share/texlive/texmf-dist/tex/latex/base/size10.clo
File: size10.clo 2023/05/17 v1.4n Standard LaTeX file (size option)
)
\c@part=\count187
\c@section=\count188
\c@subsection=\count189
\c@subsubsection=\count190
\c@paragraph=\count191
\c@subparagraph=\count192
\c@figure=\count193
\c@table=\count194
\abovecaptionskip=\skip48
\belowcaptionskip=\skip49
\bibindent=\dimen140
) (/usr/share/texlive/texmf-dist/tex/latex/l3backend/l3backend-pdftex.def
File: l3backend-pdftex.def 2024-01-04 L3 backend support: PDF output (pdfTeX)
\l__color_backend_stack_int=\count195
\l__pdf_internal_box=\box51
) (./class.aux)
\openout1 = `class.aux'.

LaTeX Font Info:    Checking defaults for OML/cmm/m/it on input line 6.
LaTeX Font Info:    ... okay on input line 6.
LaTeX Font Info:    Checking defaults for OMS/cmsy/m/n on input line 6.
LaTeX Font Info:    ... okay on input line 6.
LaTeX Font Info:    Checking defaults for OT1/cmr/m/n on input line 6.
LaTeX Font Info:    ... okay on input line 6.
LaTeX Font Info:    Checking defaults for T1/cmr/m/n on input line 6.
LaTeX Font Info:    ... okay on input line 6.
LaTeX Font Info:    Checking defaults for TS1/cmr/m/n on input line 6.
LaTeX Font Info:    ... okay on input line 6.
LaTeX Font Info:    Checking defaults for OMX/cmex/m/n on input line 6.
LaTeX Font Info:    ... okay on input line 6.
LaTeX Font Info:    Checking defaults for U/cmr/m/n on input line 6.
LaTeX Font Info:    ... okay on input line 6.
LaTeX Font Info:    External font `cmex10' loaded for size
(Font)              <12> on input line 18.
LaTeX Font Info:    External font `cmex10' loaded for size
(Font)              <8> on input line 18.
LaTeX Font Info:    External font `cmex10' loaded for size
(Font)              <6> on input line 18.
 [1

{/var/lib/texmf/fonts/map/pdftex/updmap/pdftex.map}{/usr/share/texmf/fonts/enc/dvips/cm-super/cm-super-ts1.enc}]
Underfull \hbox (badness 10000) in paragraph at lines 93--94

 []


Overfull \hbox (61.77669pt too wide) in paragraph at lines 95--96
[]\OT1/cmtt/m/n/10 https://www.dropbox.com/sh/ma5muh76sggwk8k/AABl[]DDUBEzAjjdywMjeTya2a?dl=0 
 []


Underfull \hbox (badness 10000) in paragraph at lines 95--96

 []


Underfull \hbox (badness 10000) in paragraph at lines 99--100

 []


Underfull \hbox (badness 10000) in paragraph at lines 101--102

 []


Underfull \hbox (badness 10000) in paragraph at lines 103--104

 []


Underfull \hbox (badness 10000) in paragraph at lines 105--106

 []

[2]
Overfull \hbox (10.02719pt too wide) in paragraph at lines 138--142
[]\OT1/cmtt/m/n/10 main/ \OT1/cmr/m/n/10 con-tains the main mod-ule \OT1/cmtt/m/n/10 class.c \OT1/cmr/m/n/10 with the main rou-tine \OT1/cmtt/m/n/10 class(...)\OT1/cmr/m/n/10 ,
 []


Overfull \hbox (42.08257pt too wide) in paragraph at lines 150--152
[]\OT1/cmtt/m/n/10 python/ \OT1/cmr/m/n/10 con-tains the python wrap-per of \OT1/cmtt/m/n/10 CLASS \OT1/cmr/m/n/10 , called hi-classy (see \OT1/cmtt/m/n/10 python/README\OT1/cmr/m/n/10 ) 
 []


Overfull \hbox (22.11061pt too wide) in paragraph at lines 152--154
[]\OT1/cmtt/m/n/10 cpp/ \OT1/cmr/m/n/10 con-tains the C++ wrap-per of \OT1/cmtt/m/n/10 CLASS \OT1/cmr/m/n/10 , called Clas-sEn-gine (see \OT1/cmtt/m/n/10 cpp/README\OT1/cmr/m/n/10 ) 
 []

LaTeX Font Info:    External font `cmex10' loaded for size
(Font)              <7> on input line 158.
LaTeX Font Info:    External font `cmex10' loaded for size
(Font)              <5> on input line 158.
[3]
Overfull \hbox (5.25061pt too wide) in paragraph at lines 182--184
[]\OT1/cmr/m/n/10 eventually, com-pute non-linear cor-rec-tions at small red-shift/large wavenum-
 []

[4]
Overfull \hbox (21.63858pt too wide) in paragraph at lines 222--225
[]\OT1/cmr/m/n/10 All ``pre-ci-sion pa-ram-e-ters'' are grouped in the sin-gle struc-ture \OT1/cmtt/m/n/10 struct precision\OT1/cmr/m/n/10 .
 []

[5]
Overfull \hbox (40.63068pt too wide) in paragraph at lines 248--249
\OT1/cmr/m/n/10 where \OT1/cmr/m/it/10 mod-ule \OT1/cmr/m/n/10 is one of \OT1/cmtt/m/n/10 input, background, thermodynamics, perturb, primordial,
 []


Overfull \hbox (17.8606pt too wide) in paragraph at lines 289--293
\OT1/cmr/m/n/10 The main ex-e-cutable of \OT1/cmr/m/sc/10 class \OT1/cmr/m/n/10 is the func-tion \OT1/cmtt/m/n/10 main() \OT1/cmr/m/n/10 lo-cated in the file \OT1/cmtt/m/n/10 main/main.c\OT1/cmr/m/n/10 .
 []

[6]
LaTeX Font Info:    Trying to load font information for OMS+cmtt on input line 298.
LaTeX Font Info:    No file OMScmtt.fd. on input line 298.


LaTeX Font Warning: Font shape `OMS/cmtt/m/n' undefined
(Font)              using `OMS/cmsy/m/n' instead
(Font)              for symbol `textbraceleft' on input line 298.


Underfull \hbox (badness 10000) in paragraph at lines 296--333

 []


Overfull \hbox (111.8361pt too wide) in paragraph at lines 296--333
[]\OT1/cmtt/m/n/10 input[]init[]from[]arguments(argc, argv,&pr,&ba,&th,&pt,&tr,&pm,&sp,&nl,&le,&op,errmsg); 
 []


Underfull \hbox (badness 10000) in paragraph at lines 296--333

 []


Underfull \hbox (badness 10000) in paragraph at lines 296--333

 []

[7]
Overfull \hbox (17.60573pt too wide) in paragraph at lines 356--359
\OT1/cmr/m/n/10 loop over dif-fer-ent pa-ram-e-ter val-ues. There is also a ver-sion \OT1/cmtt/m/n/10 test/test[]loops[]omp.c
 []

[8]
Underfull \hbox (badness 10000) in paragraph at lines 369--370

 []


Underfull \hbox (badness 10000) in paragraph at lines 371--373

 []


Underfull \hbox (badness 10000) in paragraph at lines 375--383

 []


Underfull \hbox (badness 10000) in paragraph at lines 384--385

 []


Overfull \hbox (7.52757pt too wide) in paragraph at lines 402--404
[]\OT1/cmr/m/n/10 The syn-tax of the in-put files is ex-plained at the be-gin-ning of \OT1/cmtt/m/n/10 explanatory.ini\OT1/cmr/m/n/10 .
 []


Underfull \hbox (badness 10000) in paragraph at lines 407--412

 []

[9]
Underfull \hbox (badness 10000) in paragraph at lines 437--442

 []


Overfull \hbox (15.77684pt too wide) in paragraph at lines 449--453
\OT1/cmtt/m/n/10 omega[]ur = 1.7e-5    # ur is the label for ultra-relativistic species 
 []


Underfull \hbox (badness 10000) in paragraph at lines 449--453

 []


Overfull \hbox (9.3886pt too wide) in paragraph at lines 474--475
[]\OT1/cmr/m/n/10 Let us men-tion a two use-ful pa-ram-e-ters de-fined at the end of \OT1/cmtt/m/n/10 explanatory.ini\OT1/cmr/m/n/10 ,
 []


Underfull \hbox (badness 10000) in paragraph at lines 474--475

 []


Underfull \hbox (badness 10000) in paragraph at lines 476--477

 []

[10]
Underfull \hbox (badness 10000) in paragraph at lines 478--480

 []


Underfull \hbox (badness 10000) in paragraph at lines 481--482

 []


Underfull \hbox (badness 10000) in paragraph at lines 494--495

 []


Underfull \hbox (badness 10000) in paragraph at lines 496--497

 []


Underfull \hbox (badness 10000) in paragraph at lines 502--503

 []

[11]
Underfull \hbox (badness 10000) in paragraph at lines 529--533

 []


Underfull \hbox (badness 10000) in paragraph at lines 543--547

 []


Overfull \hbox (35.30666pt too wide) in paragraph at lines 562--569
\OT1/cmtt/m/n/10 => module[]x[]functionN (L:735) : your choice of input parameter blabla=30
 []


Underfull \hbox (badness 10000) in paragraph at lines 562--569

 []

[12]
Underfull \hbox (badness 10000) in paragraph at lines 570--575

 []


Overfull \hbox (3.63605pt too wide) in paragraph at lines 576--582
[]                \OT1/cmtt/m/n/10 "your choice of input parameter blabla=%e is not consistent
 []


Underfull \hbox (badness 10000) in paragraph at lines 576--582

 []

[13] (./class.aux)
 ***********
LaTeX2e <2023-11-01> patch level 1
L3 programming layer <2024-01-22>
 ***********


LaTeX Font Warning: Some font shapes were not available, defaults substituted.

 ) 
Here is how much of TeX's memory you used:
 493 strings out of 474222
 9251 string characters out of 5748734
 1931975 words of memory out of 5000000
 22811 multiletter control sequences out of 15000+600000
 563944 words of font info for 56 fonts, out of 8000000 for 9000
 1141 hyphenation exceptions out of 8191
 35i,6n,50p,692b,239s stack positions out of 10000i,1000n,20000p,200000b,200000s
</usr/share/texlive/texmf-dist/fonts/type1/public/amsfonts/cm/cmbx10.pfb></usr/share/texlive/texmf-dist/fonts/type1/public/amsfonts/cm/cmbx12.pfb></usr/share/texlive/texmf-dist/fonts/type1/public/amsfonts/cm/cmcsc10.pfb></usr/share/texlive/texmf-dist/fonts/type1/public/amsfonts/cm/cmmi10.pfb></usr/share/texlive/texmf-dist/fonts/type1/public/amsfonts/cm/cmmi7.pfb></usr/share/texlive/texmf-dist/fonts/type1/public/amsfonts/cm/cmr10.pfb></usr/share/texlive/texmf-dist/fonts/type1/public/amsfonts/cm/cmr12.pfb></usr/share/texlive/texmf-dist/fonts/type1/public/amsfonts/cm/cmr17.pfb></usr/share/texlive/texmf-dist/fonts/type1/public/amsfonts/cm/cmr7.pfb></usr/share/texlive/texmf-dist/fonts/type1/public/amsfonts/cm/cmsy10.pfb></usr/share/texlive/texmf-dist/fonts/type1/public/amsfonts/cm/cmti10.pfb></usr/share/texlive/texmf-dist/fonts/type1/public/amsfonts/cm/cmtt10.pfb></usr/share/texlive/texmf-dist/fonts/type1/public/amsfonts/cm/cmtt12.pfb></usr/share/texmf/fonts/type1/public/cm-super/sfrm1000.pfb>
Output written on class.pdf (13 pages, 208533 bytes).
PDF statistics:
 118 PDF objects out of 1000 (max. 8388607)
 74 compressed objects within 1 object stream
 0 named destinations out of 1000 (max. 500000)
 1 words of extra memory for PDF output out of 10000 (max. 10000000)

